[     124ms] [ERROR] Failed to load resource: the server responded with a status of 500 (Internal Server Error) @ http://localhost:8765/api/ai-developers/722e6f14-4d33-4a1a-adc6-1df872af48c5:0
[    1187ms] [ERROR] Failed to load resource: the server responded with a status of 500 (Internal Server Error) @ http://localhost:8765/api/ai-developers/722e6f14-4d33-4a1a-adc6-1df872af48c5:0
[    3241ms] [ERROR] Failed to load resource: the server responded with a status of 500 (Internal Server Error) @ http://localhost:8765/api/ai-developers/722e6f14-4d33-4a1a-adc6-1df872af48c5:0
[    8308ms] [ERROR] Failed to load resource: the server responded with a status of 500 (Internal Server Error) @ http://localhost:8765/api/ai-developers/722e6f14-4d33-4a1a-adc6-1df872af48c5:0
[    9380ms] [ERROR] Failed to load resource: the server responded with a status of 500 (Internal Server Error) @ http://localhost:8765/api/ai-developers/722e6f14-4d33-4a1a-adc6-1df872af48c5:0
[   11428ms] [ERROR] Failed to load resource: the server responded with a status of 500 (Internal Server Error) @ http://localhost:8765/api/ai-developers/722e6f14-4d33-4a1a-adc6-1df872af48c5:0
[   16518ms] [ERROR] Failed to load resource: the server responded with a status of 500 (Internal Server Error) @ http://localhost:8765/api/ai-developers/722e6f14-4d33-4a1a-adc6-1df872af48c5:0
[   17577ms] [ERROR] Failed to load resource: the server responded with a status of 500 (Internal Server Error) @ http://localhost:8765/api/ai-developers/722e6f14-4d33-4a1a-adc6-1df872af48c5:0
[   19622ms] [ERROR] Failed to load resource: the server responded with a status of 500 (Internal Server Error) @ http://localhost:8765/api/ai-developers/722e6f14-4d33-4a1a-adc6-1df872af48c5:0
[   24693ms] [ERROR] Failed to load resource: the server responded with a status of 500 (Internal Server Error) @ http://localhost:8765/api/ai-developers/722e6f14-4d33-4a1a-adc6-1df872af48c5:0
[   25732ms] [ERROR] Failed to load resource: the server responded with a status of 500 (Internal Server Error) @ http://localhost:8765/api/ai-developers/722e6f14-4d33-4a1a-adc6-1df872af48c5:0
[   27810ms] [ERROR] Failed to load resource: the server responded with a status of 500 (Internal Server Error) @ http://localhost:8765/api/ai-developers/722e6f14-4d33-4a1a-adc6-1df872af48c5:0
[   32881ms] [ERROR] Failed to load resource: the server responded with a status of 500 (Internal Server Error) @ http://localhost:8765/api/ai-developers/722e6f14-4d33-4a1a-adc6-1df872af48c5:0
[   33935ms] [ERROR] Failed to load resource: the server responded with a status of 500 (Internal Server Error) @ http://localhost:8765/api/ai-developers/722e6f14-4d33-4a1a-adc6-1df872af48c5:0
[   35994ms] [ERROR] Failed to load resource: the server responded with a status of 500 (Internal Server Error) @ http://localhost:8765/api/ai-developers/722e6f14-4d33-4a1a-adc6-1df872af48c5:0
[   41061ms] [ERROR] Failed to load resource: the server responded with a status of 500 (Internal Server Error) @ http://localhost:8765/api/ai-developers/722e6f14-4d33-4a1a-adc6-1df872af48c5:0
[   42112ms] [ERROR] Failed to load resource: the server responded with a status of 500 (Internal Server Error) @ http://localhost:8765/api/ai-developers/722e6f14-4d33-4a1a-adc6-1df872af48c5:0
[   44157ms] [ERROR] Failed to load resource: the server responded with a status of 500 (Internal Server Error) @ http://localhost:8765/api/ai-developers/722e6f14-4d33-4a1a-adc6-1df872af48c5:0
[   49227ms] [ERROR] Failed to load resource: the server responded with a status of 500 (Internal Server Error) @ http://localhost:8765/api/ai-developers/722e6f14-4d33-4a1a-adc6-1df872af48c5:0
[   50254ms] [ERROR] Failed to load resource: the server responded with a status of 500 (Internal Server Error) @ http://localhost:8765/api/ai-developers/722e6f14-4d33-4a1a-adc6-1df872af48c5:0
[   52288ms] [ERROR] Failed to load resource: the server responded with a status of 500 (Internal Server Error) @ http://localhost:8765/api/ai-developers/722e6f14-4d33-4a1a-adc6-1df872af48c5:0
[   57328ms] [ERROR] Failed to load resource: the server responded with a status of 500 (Internal Server Error) @ http://localhost:8765/api/ai-developers/722e6f14-4d33-4a1a-adc6-1df872af48c5:0
[   58379ms] [ERROR] Failed to load resource: the server responded with a status of 500 (Internal Server Error) @ http://localhost:8765/api/ai-developers/722e6f14-4d33-4a1a-adc6-1df872af48c5:0
[   60440ms] [ERROR] Failed to load resource: the server responded with a status of 500 (Internal Server Error) @ http://localhost:8765/api/ai-developers/722e6f14-4d33-4a1a-adc6-1df872af48c5:0
[   65487ms] [ERROR] Failed to load resource: the server responded with a status of 500 (Internal Server Error) @ http://localhost:8765/api/ai-developers/722e6f14-4d33-4a1a-adc6-1df872af48c5:0
[   66533ms] [ERROR] Failed to load resource: the server responded with a status of 500 (Internal Server Error) @ http://localhost:8765/api/ai-developers/722e6f14-4d33-4a1a-adc6-1df872af48c5:0
[   68575ms] [ERROR] Failed to load resource: the server responded with a status of 500 (Internal Server Error) @ http://localhost:8765/api/ai-developers/722e6f14-4d33-4a1a-adc6-1df872af48c5:0
[   73623ms] [ERROR] Failed to load resource: the server responded with a status of 500 (Internal Server Error) @ http://localhost:8765/api/ai-developers/722e6f14-4d33-4a1a-adc6-1df872af48c5:0
[   74665ms] [ERROR] Failed to load resource: the server responded with a status of 500 (Internal Server Error) @ http://localhost:8765/api/ai-developers/722e6f14-4d33-4a1a-adc6-1df872af48c5:0
[   76723ms] [ERROR] Failed to load resource: the server responded with a status of 500 (Internal Server Error) @ http://localhost:8765/api/ai-developers/722e6f14-4d33-4a1a-adc6-1df872af48c5:0
[   81766ms] [ERROR] Failed to load resource: the server responded with a status of 500 (Internal Server Error) @ http://localhost:8765/api/ai-developers/722e6f14-4d33-4a1a-adc6-1df872af48c5:0
[   82797ms] [ERROR] Failed to load resource: the server responded with a status of 500 (Internal Server Error) @ http://localhost:8765/api/ai-developers/722e6f14-4d33-4a1a-adc6-1df872af48c5:0
[   84824ms] [ERROR] Failed to load resource: the server responded with a status of 500 (Internal Server Error) @ http://localhost:8765/api/ai-developers/722e6f14-4d33-4a1a-adc6-1df872af48c5:0
[   89878ms] [ERROR] Failed to load resource: the server responded with a status of 500 (Internal Server Error) @ http://localhost:8765/api/ai-developers/722e6f14-4d33-4a1a-adc6-1df872af48c5:0
[   90912ms] [ERROR] Failed to load resource: the server responded with a status of 500 (Internal Server Error) @ http://localhost:8765/api/ai-developers/722e6f14-4d33-4a1a-adc6-1df872af48c5:0
[   92960ms] [ERROR] Failed to load resource: the server responded with a status of 500 (Internal Server Error) @ http://localhost:8765/api/ai-developers/722e6f14-4d33-4a1a-adc6-1df872af48c5:0
[   97992ms] [ERROR] Failed to load resource: the server responded with a status of 500 (Internal Server Error) @ http://localhost:8765/api/ai-developers/722e6f14-4d33-4a1a-adc6-1df872af48c5:0
[   99024ms] [ERROR] Failed to load resource: the server responded with a status of 500 (Internal Server Error) @ http://localhost:8765/api/ai-developers/722e6f14-4d33-4a1a-adc6-1df872af48c5:0
[  101075ms] [ERROR] Failed to load resource: the server responded with a status of 500 (Internal Server Error) @ http://localhost:8765/api/ai-developers/722e6f14-4d33-4a1a-adc6-1df872af48c5:0
[  106139ms] [ERROR] Failed to load resource: the server responded with a status of 500 (Internal Server Error) @ http://localhost:8765/api/ai-developers/722e6f14-4d33-4a1a-adc6-1df872af48c5:0
[  107166ms] [ERROR] Failed to load resource: the server responded with a status of 500 (Internal Server Error) @ http://localhost:8765/api/ai-developers/722e6f14-4d33-4a1a-adc6-1df872af48c5:0
[  109200ms] [ERROR] Failed to load resource: the server responded with a status of 500 (Internal Server Error) @ http://localhost:8765/api/ai-developers/722e6f14-4d33-4a1a-adc6-1df872af48c5:0
[  114244ms] [ERROR] Failed to load resource: the server responded with a status of 500 (Internal Server Error) @ http://localhost:8765/api/ai-developers/722e6f14-4d33-4a1a-adc6-1df872af48c5:0
[  115269ms] [ERROR] Failed to load resource: the server responded with a status of 500 (Internal Server Error) @ http://localhost:8765/api/ai-developers/722e6f14-4d33-4a1a-adc6-1df872af48c5:0
[  117291ms] [ERROR] Failed to load resource: the server responded with a status of 500 (Internal Server Error) @ http://localhost:8765/api/ai-developers/722e6f14-4d33-4a1a-adc6-1df872af48c5:0
[  122318ms] [ERROR] Failed to load resource: the server responded with a status of 500 (Internal Server Error) @ http://localhost:8765/api/ai-developers/722e6f14-4d33-4a1a-adc6-1df872af48c5:0
[  123345ms] [ERROR] Failed to load resource: the server responded with a status of 500 (Internal Server Error) @ http://localhost:8765/api/ai-developers/722e6f14-4d33-4a1a-adc6-1df872af48c5:0
[  125371ms] [ERROR] Failed to load resource: the server responded with a status of 500 (Internal Server Error) @ http://localhost:8765/api/ai-developers/722e6f14-4d33-4a1a-adc6-1df872af48c5:0
[  130416ms] [ERROR] Failed to load resource: the server responded with a status of 500 (Internal Server Error) @ http://localhost:8765/api/ai-developers/722e6f14-4d33-4a1a-adc6-1df872af48c5:0
[  131438ms] [ERROR] Failed to load resource: the server responded with a status of 500 (Internal Server Error) @ http://localhost:8765/api/ai-developers/722e6f14-4d33-4a1a-adc6-1df872af48c5:0
[  133462ms] [ERROR] Failed to load resource: the server responded with a status of 500 (Internal Server Error) @ http://localhost:8765/api/ai-developers/722e6f14-4d33-4a1a-adc6-1df872af48c5:0
[  138496ms] [ERROR] Failed to load resource: the server responded with a status of 500 (Internal Server Error) @ http://localhost:8765/api/ai-developers/722e6f14-4d33-4a1a-adc6-1df872af48c5:0
[  139531ms] [ERROR] Failed to load resource: the server responded with a status of 500 (Internal Server Error) @ http://localhost:8765/api/ai-developers/722e6f14-4d33-4a1a-adc6-1df872af48c5:0
[  141558ms] [ERROR] Failed to load resource: the server responded with a status of 500 (Internal Server Error) @ http://localhost:8765/api/ai-developers/722e6f14-4d33-4a1a-adc6-1df872af48c5:0
[  146602ms] [ERROR] Failed to load resource: the server responded with a status of 500 (Internal Server Error) @ http://localhost:8765/api/ai-developers/722e6f14-4d33-4a1a-adc6-1df872af48c5:0
[  147627ms] [ERROR] Failed to load resource: the server responded with a status of 500 (Internal Server Error) @ http://localhost:8765/api/ai-developers/722e6f14-4d33-4a1a-adc6-1df872af48c5:0
[  149666ms] [ERROR] Failed to load resource: the server responded with a status of 500 (Internal Server Error) @ http://localhost:8765/api/ai-developers/722e6f14-4d33-4a1a-adc6-1df872af48c5:0
[  154670ms] [ERROR] Failed to load resource: net::ERR_CONNECTION_REFUSED @ http://localhost:8765/api/ai-developers/722e6f14-4d33-4a1a-adc6-1df872af48c5:0
[  155673ms] [ERROR] Failed to load resource: net::ERR_CONNECTION_REFUSED @ http://localhost:8765/api/ai-developers/722e6f14-4d33-4a1a-adc6-1df872af48c5:0
[  157676ms] [ERROR] Failed to load resource: net::ERR_CONNECTION_REFUSED @ http://localhost:8765/api/ai-developers/722e6f14-4d33-4a1a-adc6-1df872af48c5:0
